// Jest Snapshot v1, https://goo.gl/fbAQLP

exports[`<AnimalFormContainer> AnimalFormContainer renders correctly 1`] = `
<div>
  <div>
    <div>
      <form
        onSubmit={[Function]}
      >
        <div
          className="form-row"
        >
          <div
            className="col col-md-2"
          >
            <div
              className="form-group"
            >
              <label>
                Location
              </label>
              <select
                className="custom-select "
                id="location"
                name="location"
                onBlur={[Function]}
                onChange={[Function]}
                onDragStart={[Function]}
                onDrop={[Function]}
                onFocus={[Function]}
                value=""
              >
                <option
                  disabled={true}
                  value=""
                />
                <option
                  label="NRO"
                  value="NRO"
                >
                  NRO
                </option>
                <option
                  label="MBO"
                  value="MBO"
                >
                  MBO
                </option>
                <option
                  label="SLO"
                  value="SLO"
                >
                  SLO
                </option>
              </select>
            </div>
          </div>
          <div
            className="col col-md-2"
          >
            <div
              className="form-group"
            >
              <label>
                Species
              </label>
              <select
                className="custom-select "
                id="species"
                name="species"
                onBlur={[Function]}
                onChange={[Function]}
                onDragStart={[Function]}
                onDrop={[Function]}
                onFocus={[Function]}
                value=""
              >
                <option
                  disabled={true}
                  value=""
                />
                <option
                  label="CSL"
                  value="CSL"
                >
                  CSL
                </option>
                <option
                  label="ES"
                  value="ES"
                >
                  ES
                </option>
                <option
                  label="HS"
                  value="HS"
                >
                  HS
                </option>
                <option
                  label="NFS"
                  value="NFS"
                >
                  NFS
                </option>
                <option
                  label="GFS"
                  value="GFS"
                >
                  GFS
                </option>
                <option
                  label="SSO"
                  value="SSO"
                >
                  SSO
                </option>
                <option
                  label="CET"
                  value="CET"
                >
                  CET
                </option>
              </select>
            </div>
          </div>
          <div
            className="col col-md-3"
          >
            <div
              className="form-group"
            >
              <label
                className="form-label"
              >
                Name
              </label>
              <input
                className="form-control "
                id="name"
                name="name"
                onBlur={[Function]}
                onChange={[Function]}
                onDragStart={[Function]}
                onDrop={[Function]}
                onFocus={[Function]}
                type="text"
                value=""
              />
            </div>
          </div>
          <div
            className="col col-md-3"
          >
            <div
              className="form-group"
            >
              <label
                className="form-label"
              >
                Weight
              </label>
              <input
                className="form-control "
                id="weight"
                name="weight"
                onBlur={[Function]}
                onChange={[Function]}
                onDragStart={[Function]}
                onDrop={[Function]}
                onFocus={[Function]}
                type="text"
                value=""
              />
            </div>
          </div>
        </div>
        <div
          className="form-row"
        >
          <div
            className="col col-md-6"
          >
            <label>
              Controlled meds:
              <input
                checked={false}
                name="isGettingControlledMeds"
                onBlur={[Function]}
                onChange={[Function]}
                onDragStart={[Function]}
                onDrop={[Function]}
                onFocus={[Function]}
                type="checkbox"
                value=""
              />
            </label>
            <label>
              Tube feeding:
              <input
                checked={false}
                name="isGettingTubed"
                onBlur={[Function]}
                onChange={[Function]}
                onDragStart={[Function]}
                onDrop={[Function]}
                onFocus={[Function]}
                type="checkbox"
                value=""
              />
            </label>
            <button
              className="btn btn-primary"
              disabled={true}
              type="submit"
            >
              Submit
            </button>
            <button
              className="btn btn-danger"
              type="button"
            >
              Cancel
            </button>
          </div>
        </div>
      </form>
    </div>
  </div>
</div>
`;
