// Jest Snapshot v1, https://goo.gl/fbAQLP

exports[`<AnimalForm /> render() should render the component 1`] = `
<div>
  <div>
    <form
      onSubmit={[MockFunction]}
    >
      <div
        className="form-row"
      >
        <div
          className="col col-md-2"
        >
          <Select
            name="location"
            onChange={[MockFunction]}
            options={
              Array [
                "NRO",
                "MBO",
                "SLO",
              ]
            }
            title="Location"
            value=""
          />
        </div>
        <div
          className="col col-md-2"
        >
          <Select
            name="species"
            onChange={[MockFunction]}
            options={
              Array [
                "CSL",
                "ES",
                "HS",
                "NFS",
                "GFS",
                "SSO",
                "CET",
              ]
            }
            title="Species"
            value=""
          />
        </div>
        <div
          className="col col-md-3"
        >
          <Input
            id="name"
            name="name"
            onChange={[MockFunction]}
            title="Name"
            type="text"
            value=""
          />
        </div>
        <div
          className="col col-md-3"
        >
          <Input
            id="weight"
            name="weight"
            onChange={[MockFunction]}
            title="Weight"
            type="text"
            value=""
          />
        </div>
      </div>
      <div
        className="form-row"
      >
        <div
          className="col col-md-6"
        >
          <label>
            Controlled meds:
            <input
              name="isGettingControlledMeds"
              onChange={[MockFunction]}
              type="checkbox"
              value={false}
            />
          </label>
          <label>
            Tube feeding:
            <input
              name="isGettingTubed"
              onChange={[MockFunction]}
              type="checkbox"
              value={false}
            />
          </label>
          <button
            className="btn btn-primary"
            type="submit"
          >
            Submit
          </button>
          <button
            className="btn btn-danger"
            type="button"
          >
            Cancel
          </button>
        </div>
      </div>
    </form>
  </div>
</div>
`;
