// Jest Snapshot v1, https://goo.gl/fbAQLP

exports[`<Header /> render() should render the component 1`] = `
<div>
  <nav
    className="navbar navbar-expand-lg navbar-light bg-light"
  >
    <ul
      className="navbar-nav mr-auto"
    >
      <li
        className="nav-item active"
      >
        <a
          className="nav-link"
          href="#"
        >
          Home 
          <span
            className="sr-only"
          >
            (current)
          </span>
        </a>
      </li>
      <li
        className="nav-item"
      >
        <a
          className="nav-link"
          href="#"
        >
          Link
        </a>
      </li>
    </ul>
    <form
      className="form-inline"
      onSubmit={[Function]}
    >
      <input
        className="form-control mr-sm-2"
        name="username"
        onChange={[Function]}
        type="text"
        value=""
      />
      <input
        className="form-control"
        name="password"
        onChange={[Function]}
        type="password"
        value=""
      />
      <button
        className="btn btn-outline-success my-2 my-sm-0"
        type="submit"
      >
        Sign in
      </button>
    </form>
  </nav>
</div>
`;
