// Jest Snapshot v1, https://goo.gl/fbAQLP

exports[`<AnimalListeItemForm /> AnimalForm renders correctly 1`] = `
<div>
  <form
    onSubmit={[Function]}
  >
    <div
      className="form-row"
    >
      <div
        className="col col-md-2"
      >
        <h6>
          Kirt
        </h6>
        <div
          className="form-group"
        >
          <label />
          <select
            className="custom-select "
            id="location"
            name="location"
            onBlur={[Function]}
            onChange={[Function]}
            onDragStart={[Function]}
            onDrop={[Function]}
            onFocus={[Function]}
            value=""
          >
            <option
              disabled={true}
              value=""
            />
            <option
              label="NRO"
              value="NRO"
            >
              NRO
            </option>
            <option
              label="MBO"
              value="MBO"
            >
              MBO
            </option>
            <option
              label="SLO"
              value="SLO"
            >
              SLO
            </option>
          </select>
        </div>
      </div>
      <div
        className="col col-md-6"
      >
        <button
          className="btn btn-primary"
          disabled={true}
          type="submit"
        >
          Submit
        </button>
        <button
          className="btn btn-danger"
          type="button"
        >
          Cancel
        </button>
      </div>
    </div>
  </form>
</div>
`;
