// Jest Snapshot v1, https://goo.gl/fbAQLP

exports[`<AnimalModalForm /> AnimalForm renders correctly 1`] = `null`;
