// Jest Snapshot v1, https://goo.gl/fbAQLP

exports[`<AnimalForm /> AnimalForm renders correctly 1`] = `
<form
  className=""
  onSubmit={[Function]}
>
  <div
    className="form-row"
  >
    <div
      className="col-md-2"
    >
      <div
        className="form-group"
      >
        <label
          className="form-label"
          htmlFor="location"
        >
          Location
        </label>
        <select
          className="form-control"
          id="location"
          name="location"
          onBlur={[Function]}
          onChange={[Function]}
          onDragStart={[Function]}
          onDrop={[Function]}
          onFocus={[Function]}
          value=""
        >
          <option
            disabled={true}
            value=""
          />
          <option
            label="NRO"
            value="NRO"
          >
            NRO
          </option>
          <option
            label="MBO"
            value="MBO"
          >
            MBO
          </option>
          <option
            label="SLO"
            value="SLO"
          >
            SLO
          </option>
        </select>
      </div>
    </div>
    <div
      className="col-md-2"
    >
      <div
        className="form-group"
      >
        <label
          className="form-label"
          htmlFor="species"
        >
          Species
        </label>
        <select
          className="form-control"
          id="species"
          name="species"
          onBlur={[Function]}
          onChange={[Function]}
          onDragStart={[Function]}
          onDrop={[Function]}
          onFocus={[Function]}
          value=""
        >
          <option
            disabled={true}
            value=""
          />
          <option
            label="CSL"
            value="CSL"
          >
            CSL
          </option>
          <option
            label="ES"
            value="ES"
          >
            ES
          </option>
          <option
            label="HS"
            value="HS"
          >
            HS
          </option>
          <option
            label="NFS"
            value="NFS"
          >
            NFS
          </option>
          <option
            label="GFS"
            value="GFS"
          >
            GFS
          </option>
          <option
            label="SSO"
            value="SSO"
          >
            SSO
          </option>
          <option
            label="CET"
            value="CET"
          >
            CET
          </option>
        </select>
      </div>
    </div>
    <div
      className="col-md-3"
    >
      <div
        className="form-group"
      >
        <label
          className="form-label form-label"
          htmlFor="name"
        >
          Name
        </label>
        <div
          className="input-group"
        >
          <input
            className="form-control"
            id="name"
            name="name"
            onBlur={[Function]}
            onChange={[Function]}
            onDragStart={[Function]}
            onDrop={[Function]}
            onFocus={[Function]}
            type="text"
            value=""
          />
          <div
            className="invalid-feedback"
          />
        </div>
      </div>
    </div>
    <div
      className="col-md-3"
    >
      <div
        className="form-group"
      >
        <label
          className="form-label form-label"
          htmlFor="weight"
        >
          Weight
        </label>
        <div
          className="input-group"
        >
          <input
            className="form-control"
            id="weight"
            name="weight"
            onBlur={[Function]}
            onChange={[Function]}
            onDragStart={[Function]}
            onDrop={[Function]}
            onFocus={[Function]}
            type="text"
            value=""
          />
          <div
            className="input-group-append"
          >
            kg
          </div>
          <div
            className="invalid-feedback"
          />
        </div>
      </div>
    </div>
  </div>
  <div
    className="form-row"
  >
    <div
      className="col-md-8"
    >
      <div
        className="form-group"
      >
        <label
          className="form-label"
        >
          Controlled meds:
          <input
            checked={false}
            name="isGettingControlledMeds"
            onBlur={[Function]}
            onChange={[Function]}
            onDragStart={[Function]}
            onDrop={[Function]}
            onFocus={[Function]}
            type="checkbox"
            value=""
          />
        </label>
        <label
          className="form-label"
        >
          Tube feeding:
          <input
            checked={false}
            name="isGettingTubed"
            onBlur={[Function]}
            onChange={[Function]}
            onDragStart={[Function]}
            onDrop={[Function]}
            onFocus={[Function]}
            type="checkbox"
            value=""
          />
        </label>
        <button
          className="btn btn-primary"
          disabled={true}
          type="submit"
        >
          Submit
        </button>
        <button
          className="btn btn-danger"
          disabled={false}
          type="button"
        >
          Cancel
        </button>
      </div>
    </div>
  </div>
</form>
`;
