// Jest Snapshot v1, https://goo.gl/fbAQLP

exports[`<LocationContainer /> render() should render the component 1`] = `
<div>
  <Location
    speciesCount={Array []}
  />
</div>
`;
