// Jest Snapshot v1, https://goo.gl/fbAQLP

exports[`<LocationCard /> render() should render the component 1`] = `
<LocationCard
  animals={
    Array [
      Object {
        "id": 2,
        "isGettingControlledMeds": false,
        "isGettingTubed": true,
        "location": "MBO",
        "name": "Kirt",
        "species": "CSL",
        "weight": 85,
      },
    ]
  }
  dispatch={[Function]}
  expandSummary={[MockFunction]}
  expanded={false}
  locationName="MBO"
  store={
    Object {
      "clearActions": [Function],
      "dispatch": [Function],
      "getActions": [Function],
      "getState": [Function],
      "replaceReducer": [Function],
      "subscribe": [Function],
    }
  }
  storeSubscription={
    Subscription {
      "listeners": Object {
        "clear": [Function],
        "get": [Function],
        "notify": [Function],
        "subscribe": [Function],
      },
      "onStateChange": [Function],
      "parentSub": undefined,
      "store": Object {
        "clearActions": [Function],
        "dispatch": [Function],
        "getActions": [Function],
        "getState": [Function],
        "replaceReducer": [Function],
        "subscribe": [Function],
      },
      "unsubscribe": [Function],
    }
  }
/>
`;
