// Jest Snapshot v1, https://goo.gl/fbAQLP

exports[`<Locations /> render() should render the component 1`] = `
<div>
  <button
    className="btn btn-success"
    onClick={[Function]}
  >
    Add animal
  </button>
</div>
`;
