// Jest Snapshot v1, https://goo.gl/fbAQLP

exports[`<Animals /> render() should render the component 1`] = `
<AnimalsTable
  animals={
    Array [
      Object {
        "location": "Castle Black",
        "name": "Ghost",
        "species": "Dire Wolf",
        "weight": 42,
      },
    ]
  }
  dispatch={[Function]}
  store={
    Object {
      "clearActions": [Function],
      "dispatch": [Function],
      "getActions": [Function],
      "getState": [Function],
      "replaceReducer": [Function],
      "subscribe": [Function],
    }
  }
/>
`;
